// Jest Snapshot v1, https://goo.gl/fbAQLP

exports[`PokemonOptions Component debe de hacer match con el snapshot  1`] = `
<div class="options-container">
  <ul>
    <li>
      <!--buena pr치ctica usar el :key como identificador unico-->pikachu
    </li>
    <li>
      <!--buena pr치ctica usar el :key como identificador unico-->charmander
    </li>
    <li>
      <!--buena pr치ctica usar el :key como identificador unico-->venusaur
    </li>
    <li>
      <!--buena pr치ctica usar el :key como identificador unico-->mew
    </li>
  </ul>
</div>
`;
